// Jest Snapshot v1, https://goo.gl/fbAQLP

exports[`produceAppSpecTool input_schema snapshot matches zodToJsonSchema(A2UISpecSchema) 1`] = `
{
  "$schema": "http://json-schema.org/draft-07/schema#",
  "additionalProperties": false,
  "properties": {
    "initialState": {
      "additionalProperties": {
        "$ref": "#/properties/views/items/properties/root/anyOf/3/properties/action/anyOf/0/properties/value",
      },
      "type": "object",
    },
    "initialViewId": {
      "type": "string",
    },
    "version": {
      "const": 1,
      "type": "number",
    },
    "views": {
      "items": {
        "additionalProperties": false,
        "properties": {
          "id": {
            "type": "string",
          },
          "root": {
            "anyOf": [
              {
                "additionalProperties": false,
                "properties": {
                  "id": {
                    "type": "string",
                  },
                  "level": {
                    "enum": [
                      1,
                      2,
                      3,
                    ],
                    "type": "number",
                  },
                  "text": {
                    "type": "string",
                  },
                  "type": {
                    "const": "Heading",
                    "type": "string",
                  },
                },
                "required": [
                  "type",
                  "text",
                ],
                "type": "object",
              },
              {
                "additionalProperties": false,
                "properties": {
                  "color": {
                    "enum": [
                      "primary",
                      "muted",
                      "destructive",
                    ],
                    "type": "string",
                  },
                  "id": {
                    "$ref": "#/properties/views/items/properties/root/anyOf/0/properties/id",
                  },
                  "text": {
                    "type": "string",
                  },
                  "type": {
                    "const": "Text",
                    "type": "string",
                  },
                  "weight": {
                    "enum": [
                      "normal",
                      "bold",
                    ],
                    "type": "string",
                  },
                },
                "required": [
                  "type",
                  "text",
                ],
                "type": "object",
              },
              {
                "additionalProperties": false,
                "properties": {
                  "alt": {
                    "type": "string",
                  },
                  "aspectRatio": {
                    "exclusiveMinimum": 0,
                    "type": "number",
                  },
                  "id": {
                    "$ref": "#/properties/views/items/properties/root/anyOf/0/properties/id",
                  },
                  "src": {
                    "type": "string",
                  },
                  "type": {
                    "const": "Image",
                    "type": "string",
                  },
                },
                "required": [
                  "type",
                  "src",
                ],
                "type": "object",
              },
              {
                "additionalProperties": false,
                "properties": {
                  "action": {
                    "anyOf": [
                      {
                        "additionalProperties": false,
                        "properties": {
                          "targetId": {
                            "type": "string",
                          },
                          "type": {
                            "const": "set",
                            "type": "string",
                          },
                          "value": {
                            "type": [
                              "string",
                              "number",
                              "boolean",
                              "null",
                            ],
                          },
                        },
                        "required": [
                          "type",
                          "targetId",
                          "value",
                        ],
                        "type": "object",
                      },
                      {
                        "additionalProperties": false,
                        "properties": {
                          "by": {
                            "type": "number",
                          },
                          "targetId": {
                            "type": "string",
                          },
                          "type": {
                            "const": "increment",
                            "type": "string",
                          },
                        },
                        "required": [
                          "type",
                          "targetId",
                        ],
                        "type": "object",
                      },
                      {
                        "additionalProperties": false,
                        "properties": {
                          "by": {
                            "type": "number",
                          },
                          "targetId": {
                            "type": "string",
                          },
                          "type": {
                            "const": "decrement",
                            "type": "string",
                          },
                        },
                        "required": [
                          "type",
                          "targetId",
                        ],
                        "type": "object",
                      },
                      {
                        "additionalProperties": false,
                        "properties": {
                          "message": {
                            "type": "string",
                          },
                          "type": {
                            "const": "toast",
                            "type": "string",
                          },
                        },
                        "required": [
                          "type",
                          "message",
                        ],
                        "type": "object",
                      },
                      {
                        "additionalProperties": false,
                        "properties": {
                          "type": {
                            "const": "navigate",
                            "type": "string",
                          },
                          "viewId": {
                            "type": "string",
                          },
                        },
                        "required": [
                          "type",
                          "viewId",
                        ],
                        "type": "object",
                      },
                    ],
                  },
                  "id": {
                    "$ref": "#/properties/views/items/properties/root/anyOf/0/properties/id",
                  },
                  "label": {
                    "type": "string",
                  },
                  "type": {
                    "const": "Button",
                    "type": "string",
                  },
                  "variant": {
                    "enum": [
                      "primary",
                      "secondary",
                      "destructive",
                    ],
                    "type": "string",
                  },
                },
                "required": [
                  "type",
                  "label",
                  "action",
                ],
                "type": "object",
              },
              {
                "additionalProperties": false,
                "properties": {
                  "id": {
                    "type": "string",
                  },
                  "label": {
                    "type": "string",
                  },
                  "multiline": {
                    "type": "boolean",
                  },
                  "placeholder": {
                    "type": "string",
                  },
                  "type": {
                    "const": "TextInput",
                    "type": "string",
                  },
                },
                "required": [
                  "type",
                  "id",
                  "label",
                ],
                "type": "object",
              },
              {
                "additionalProperties": false,
                "properties": {
                  "defaultValue": {
                    "type": "boolean",
                  },
                  "id": {
                    "type": "string",
                  },
                  "label": {
                    "type": "string",
                  },
                  "type": {
                    "const": "Toggle",
                    "type": "string",
                  },
                },
                "required": [
                  "type",
                  "id",
                  "label",
                ],
                "type": "object",
              },
              {
                "additionalProperties": false,
                "properties": {
                  "id": {
                    "type": "string",
                  },
                  "label": {
                    "type": "string",
                  },
                  "max": {
                    "type": "number",
                  },
                  "min": {
                    "type": "number",
                  },
                  "step": {
                    "type": "number",
                  },
                  "type": {
                    "const": "Counter",
                    "type": "string",
                  },
                },
                "required": [
                  "type",
                  "id",
                  "label",
                ],
                "type": "object",
              },
              {
                "additionalProperties": false,
                "properties": {
                  "id": {
                    "type": "string",
                  },
                  "items": {
                    "items": {
                      "$ref": "#/properties/views/items/properties/root",
                    },
                    "type": "array",
                  },
                  "separator": {
                    "type": "boolean",
                  },
                  "type": {
                    "const": "List",
                    "type": "string",
                  },
                },
                "required": [
                  "type",
                  "items",
                ],
                "type": "object",
              },
              {
                "additionalProperties": false,
                "properties": {
                  "fields": {
                    "items": {
                      "$ref": "#/properties/views/items/properties/root",
                    },
                    "type": "array",
                  },
                  "formId": {
                    "type": "string",
                  },
                  "id": {
                    "type": "string",
                  },
                  "submitAction": {
                    "$ref": "#/properties/views/items/properties/root/anyOf/3/properties/action",
                  },
                  "submitLabel": {
                    "type": "string",
                  },
                  "type": {
                    "const": "Form",
                    "type": "string",
                  },
                },
                "required": [
                  "type",
                  "formId",
                  "fields",
                ],
                "type": "object",
              },
              {
                "additionalProperties": false,
                "properties": {
                  "align": {
                    "enum": [
                      "start",
                      "center",
                      "end",
                      "stretch",
                    ],
                    "type": "string",
                  },
                  "children": {
                    "items": {
                      "$ref": "#/properties/views/items/properties/root",
                    },
                    "type": "array",
                  },
                  "direction": {
                    "enum": [
                      "row",
                      "column",
                    ],
                    "type": "string",
                  },
                  "gap": {
                    "enum": [
                      "none",
                      "sm",
                      "md",
                      "lg",
                    ],
                    "type": "string",
                  },
                  "id": {
                    "type": "string",
                  },
                  "justify": {
                    "enum": [
                      "start",
                      "center",
                      "end",
                      "between",
                    ],
                    "type": "string",
                  },
                  "padding": {
                    "enum": [
                      "none",
                      "sm",
                      "md",
                      "lg",
                    ],
                    "type": "string",
                  },
                  "type": {
                    "const": "Container",
                    "type": "string",
                  },
                },
                "required": [
                  "type",
                  "direction",
                  "children",
                ],
                "type": "object",
              },
            ],
          },
        },
        "required": [
          "id",
          "root",
        ],
        "type": "object",
      },
      "minItems": 1,
      "type": "array",
    },
  },
  "required": [
    "version",
    "views",
    "initialViewId",
  ],
  "type": "object",
}
`;
